// Rstest Snapshot v1

exports[`Joi remove import 1`] = `
"enum Job {
  Developer = 'developer',
  DevOps = 'devops',
  Designer = 'designer',
}

export const employee = Joi.object().keys({
  job: Joi.string().valid(...Object.values(Job)),
});
"
`;

exports[`preserves a trailing comment attached to the import line 1`] = `
"// migration context
const value = 1;"
`;

exports[`preserves code following a default import on the same line 1`] = `"const value = 1;"`;

exports[`removes a multiline default-only import 1`] = `"const value = 1;"`;

exports[`retains multiline named imports for a default import followed by named imports 1`] = `
"import { ValidationError, ValidationResult } from 'joi';

export const value = 1;"
`;

exports[`retains multiline named imports for a default-as import after named imports 1`] = `
"import { ValidationError, ValidationResult } from 'joi';

export const value = 1;"
`;

exports[`retains multiline named imports for a default-as import before named imports 1`] = `
"import { ValidationError, ValidationResult } from 'joi';

export const value = 1;"
`;

exports[`retains named imports for import { ValidationError as JoiError, default as Joi } from 'joi'; 1`] = `
"import { ValidationError as JoiError } from 'joi';

export const value = 1;"
`;

exports[`retains named imports for import { default as Joi, ValidationError } from "joi"; 1`] = `
"import { ValidationError } from "joi";

export const value = 1;"
`;

exports[`retains named imports for import Joi, { ValidationError } from 'joi'; 1`] = `
"import { ValidationError } from 'joi';

export const value = 1;"
`;
